decode/code: 5 runs
  1: 109.1 tok/s, TTFT 0.429s, 2031 tokens
  2: 109.5 tok/s, TTFT 0.391s, 1776 tokens
  3: 109.0 tok/s, TTFT 0.411s, 2158 tokens
  4: 110.4 tok/s, TTFT 0.380s, 1971 tokens
  5: 109.3 tok/s, TTFT 0.392s, 1994 tokens
decode/prose: 5 runs
  1: 61.5 tok/s, TTFT 0.467s, 988 tokens
  2: 60.4 tok/s, TTFT 0.402s, 986 tokens
  3: 60.9 tok/s, TTFT 0.400s, 1068 tokens
  4: 61.0 tok/s, TTFT 0.348s, 966 tokens
  5: 60.2 tok/s, TTFT 0.350s, 922 tokens
decode/structured: 5 runs
  1: 152.8 tok/s, TTFT 0.336s, 691 tokens
  2: 153.0 tok/s, TTFT 0.373s, 437 tokens
  3: 155.2 tok/s, TTFT 0.373s, 687 tokens
  4: 154.8 tok/s, TTFT 0.428s, 687 tokens
  5: 154.4 tok/s, TTFT 0.373s, 687 tokens
prefill/8192: 3 cold/immediate-replay pairs
  1: cold 2235.2 tok/s (3.665s), warm 57621.6 tok/s (0.142s)
  2: cold 2248.2 tok/s (3.644s), warm 49285.9 tok/s (0.166s)
  3: cold 2255.6 tok/s (3.632s), warm 50869.0 tok/s (0.161s)
prefill/32768: 3 cold/immediate-replay pairs
  1: cold 2319.3 tok/s (14.128s), warm 315310.4 tok/s (0.104s)
  2: cold 2309.2 tok/s (14.190s), warm 213873.6 tok/s (0.153s)
  3: cold 2314.6 tok/s (14.157s), warm 237742.1 tok/s (0.138s)
prefill/65536: 3 cold/immediate-replay pairs
  1: cold 2251.8 tok/s (29.104s), warm 479446.3 tok/s (0.137s)
  2: cold 2257.2 tok/s (29.035s), warm 503735.6 tok/s (0.130s)
  3: cold 2252.6 tok/s (29.094s), warm 375257.0 tok/s (0.175s)
concurrency/1: 3 rounds of code
  1: aggregate 76.4 tok/s, median stream 86.2 tok/s
  2: aggregate 74.7 tok/s, median stream 84.2 tok/s
  3: aggregate 74.6 tok/s, median stream 84.1 tok/s
concurrency/2: 3 rounds of code
  1: aggregate 109.4 tok/s, median stream 64.7 tok/s
  2: aggregate 112.1 tok/s, median stream 62.5 tok/s
  3: aggregate 107.0 tok/s, median stream 60.6 tok/s
concurrency/4: 3 rounds of code
  1: aggregate 158.2 tok/s, median stream 45.9 tok/s
  2: aggregate 166.5 tok/s, median stream 45.8 tok/s
  3: aggregate 157.6 tok/s, median stream 44.4 tok/s
result: work/GLM-5.3-Flash-EXL3-4x-DGX-Sparks-TensorFold/docs/bidir-owner-ring-20261005/rigmark-mode0.json
card: work/GLM-5.3-Flash-EXL3-4x-DGX-Sparks-TensorFold/docs/bidir-owner-ring-20261005/rigmark-mode0.card.txt

╭────────────────────────────────────────────────────────────────────────╮
│  R I G M A R K   //   AGENT WORKLOAD RECEIPT                           │
│  BENCHMARKS LOCAL AI HOW CODING AGENTS ACTUALLY USE IT                 │
│  ●  15/15 BASIC OUTPUT GATES PASSED                                    │
├─ MODEL ────────────────────────────────────────────────────────────────┤
│  glm-5.3-flash                                                         │
├─ SINGLE STREAM ────────────────────────────────────────────────────────┤
│  WORKLOAD         tok/s       Range tok/s   Last (s)    Checks         │
│  CODE             109.3       109.0–110.4       18.6     ✓ 5/5         │
│  PROSE             60.9         60.2–61.5       16.5     ✓ 5/5         │
│  STRUCTURED*      154.4       152.8–155.2        4.8     ✓ 5/5         │
│  * Predictable JSON ceiling; not general agent performance.            │
│  Decode medians are estimates; rates include streamed reasoning.       │
├─ PREFILL ──────────────────────────────────────────────────────────────┤
│  DEPTH       Cold tok/s      Cold TTFT (s)    Replay TTFT (s)          │
│  8K               2,248               3.64               0.16          │
│  32K              2,315              14.16               0.14          │
│  64K              2,253              29.09               0.14          │
│  Medians; replay is an immediate repeat, not a proven hit.             │
├─ CAPPED CONCURRENT GENERATION ─────────────────────────────────────────┤
│  Aggregate tok/s: C1 74.7 | C2 109.4 | C4 158.2                        │
│  C4: 0/12 normal stops; 12/12 with visible output.                     │
│  Capped throughput includes reasoning; not completed agent tasks.      │
├─ APPLIANCE ────────────────────────────────────────────────────────────┤
│  Hardware: 4x NVIDIA DGX Spark (GB10); all four live ranks verified    │
│    2026-10-05                                                          │
│  Topology: TP4; switchless RoCE ring; 4 configured RoCE HCAs per rank  │
│    for NCCL; four live ranks                                           │
│  Checkpoint: Mia-AiLab/GLM-5.3-Flash-EXL3-TR3-4bpw @ 25a44fdbf168      │
│  Quantisation: EXL3 4bpw checkpoint; dense q4 (verified from live      │
│    container)                                                          │
│  KV cache: fp8 (verified from live container)                          │
│  Engine: TensorFold v0.6.0 + MiaAI patches; owner-ring 2026-10-05 plus │
│    opt-in bidirectional relay patch 0072                               │
├─ SETTINGS ─────────────────────────────────────────────────────────────┤
│  SUITE: DEFAULT SETTINGS                                               │
│  REQUEST: {"chat_template_kwargs": {"reasoning_effort": "low"}}        │
│  Temperature 0.0 | top_p 1.0 | seed 20260905 | protocol 1.3.0          │
│  Decode: 5 runs, 8192-token cap | Prefill: 8K/32K/64K, 3 pairs         │
│  Concurrency: C1/C2/C4, 3 rounds, 256-token cap; workload code         │
│  Cache isolation: random-salt-per-pair                                 │
│  Comparison ID: spark-glm53-owner-bidir-20261006                       │
├─ RECEIPT ──────────────────────────────────────────────────────────────┤
│  SOURCE     git:68800bf29cf1  •  state unknown                         │
│  JSON sha256:3c5799aab79cd008…                                         │
│  SHARE THE CARD • LINK THE JSON RECEIPT • #RIGMARK                     │
│  github.com/alexellis/rigmark                                          │
╰────────────────────────────────────────────────────────────────────────╯
